python : 2026-04-14 22:20:19,358 - __main__ - INFO - Initializing 
VectorMemory...
At line:1 char:1
+ python test_memory.py 2>&1 | Tee-Object -FilePath test_output.log; "D ...
+ ~~~~~~~~~~~~~~~~~~~~~~~~~~
    + CategoryInfo          : NotSpecified: (2026-04-14 22:2...VectorMemory... 
   :String) [], RemoteException
    + FullyQualifiedErrorId : NativeCommandError
 
2026-04-14 22:20:19,443 - chromadb.telemetry.product.posthog - ERROR - Failed 
to send telemetry event ClientStartEvent: capture() takes 1 positional 
argument but 3 were given
2026-04-14 22:20:19,444 - chromadb.telemetry.product.posthog - ERROR - Failed 
to send telemetry event ClientCreateCollectionEvent: capture() takes 1 
positional argument but 3 were given
2026-04-14 22:20:19,444 - src.memory.vector_db - INFO - VectorMemory 
initialized with persistence at data/chroma_storage

================================================================================
MEMORY ARCHITECTURE INTEGRATION TEST
Autonomous Biomimetic AI Agent - Sprint 2
================================================================================

================================================================================
TESTING VECTOR MEMORY (ChromaDB - Long-Term Semantic Memory)
================================================================================
[PASS] VectorMemory initialized successfully

--- Test 1: Adding Memories ---

C:\Users\iboci\.cache\chroma\onnx_models\all-MiniLM-L6-v2\onnx.tar.gz:   0%|   
       | 0.00/79.3M [00:00<?, ?iB/s]
C:\Users\iboci\.cache\chroma\onnx_models\all-MiniLM-L6-v2\onnx.tar.gz:   0%|   
       | 17.0k/79.3M [00:00<08:25, 164kiB/s]
C:\Users\iboci\.cache\chroma\onnx_models\all-MiniLM-L6-v2\onnx.tar.gz:   0%|   
       | 68.0k/79.3M [00:00<03:59, 347kiB/s]
C:\Users\iboci\.cache\chroma\onnx_models\all-MiniLM-L6-v2\onnx.tar.gz:   0%|   
       | 170k/79.3M [00:00<02:14, 618kiB/s] 
C:\Users\iboci\.cache\chroma\onnx_models\all-MiniLM-L6-v2\onnx.tar.gz:   0%|   
       | 357k/79.3M [00:00<01:18, 1.05MiB/s]
C:\Users\iboci\.cache\chroma\onnx_models\all-MiniLM-L6-v2\onnx.tar.gz:   1%|   
       | 748k/79.3M [00:00<00:41, 1.97MiB/s]
C:\Users\iboci\.cache\chroma\onnx_models\all-MiniLM-L6-v2\onnx.tar.gz:   2%|1  
       | 1.46M/79.3M [00:00<00:22, 3.63MiB/s]
C:\Users\iboci\.cache\chroma\onnx_models\all-MiniLM-L6-v2\onnx.tar.gz:   4%|3  
       | 2.96M/79.3M [00:00<00:11, 7.06MiB/s]
C:\Users\iboci\.cache\chroma\onnx_models\all-MiniLM-L6-v2\onnx.tar.gz:   7%|7  
       | 5.63M/79.3M [00:00<00:05, 13.3MiB/s]
C:\Users\iboci\.cache\chroma\onnx_models\all-MiniLM-L6-v2\onnx.tar.gz:  10%|9  
       | 7.89M/79.3M [00:00<00:04, 16.3MiB/s]
C:\Users\iboci\.cache\chroma\onnx_models\all-MiniLM-L6-v2\onnx.tar.gz:  13%|#3 
       | 10.4M/79.3M [00:01<00:03, 18.7MiB/s]
C:\Users\iboci\.cache\chroma\onnx_models\all-MiniLM-L6-v2\onnx.tar.gz:  18%|#7 
       | 13.9M/79.3M [00:01<00:03, 21.6MiB/s]
C:\Users\iboci\.cache\chroma\onnx_models\all-MiniLM-L6-v2\onnx.tar.gz:  
22%|##2       | 17.6M/79.3M [00:01<00:02, 23.7MiB/s]
C:\Users\iboci\.cache\chroma\onnx_models\all-MiniLM-L6-v2\onnx.tar.gz:  
27%|##6       | 21.4M/79.3M [00:01<00:02, 27.6MiB/s]
C:\Users\iboci\.cache\chroma\onnx_models\all-MiniLM-L6-v2\onnx.tar.gz:  
30%|###       | 24.0M/79.3M [00:01<00:02, 26.8MiB/s]
C:\Users\iboci\.cache\chroma\onnx_models\all-MiniLM-L6-v2\onnx.tar.gz:  
34%|###3      | 26.6M/79.3M [00:01<00:02, 26.0MiB/s]
C:\Users\iboci\.cache\chroma\onnx_models\all-MiniLM-L6-v2\onnx.tar.gz:  
37%|###6      | 29.1M/79.3M [00:01<00:02, 25.2MiB/s]
C:\Users\iboci\.cache\chroma\onnx_models\all-MiniLM-L6-v2\onnx.tar.gz:  
40%|###9      | 31.5M/79.3M [00:01<00:02, 24.8MiB/s]
C:\Users\iboci\.cache\chroma\onnx_models\all-MiniLM-L6-v2\onnx.tar.gz:  
43%|####2     | 34.0M/79.3M [00:02<00:01, 24.4MiB/s]
C:\Users\iboci\.cache\chroma\onnx_models\all-MiniLM-L6-v2\onnx.tar.gz:  
47%|####7     | 37.4M/79.3M [00:02<00:01, 27.7MiB/s]
C:\Users\iboci\.cache\chroma\onnx_models\all-MiniLM-L6-v2\onnx.tar.gz:  
51%|#####     | 40.1M/79.3M [00:02<00:01, 27.2MiB/s]
C:\Users\iboci\.cache\chroma\onnx_models\all-MiniLM-L6-v2\onnx.tar.gz:  
54%|#####3    | 42.7M/79.3M [00:02<00:01, 26.3MiB/s]
C:\Users\iboci\.cache\chroma\onnx_models\all-MiniLM-L6-v2\onnx.tar.gz:  
57%|#####7    | 45.2M/79.3M [00:02<00:01, 25.8MiB/s]
C:\Users\iboci\.cache\chroma\onnx_models\all-MiniLM-L6-v2\onnx.tar.gz:  
60%|######    | 47.7M/79.3M [00:02<00:01, 25.4MiB/s]
C:\Users\iboci\.cache\chroma\onnx_models\all-MiniLM-L6-v2\onnx.tar.gz:  
63%|######3   | 50.1M/79.3M [00:02<00:01, 24.9MiB/s]
C:\Users\iboci\.cache\chroma\onnx_models\all-MiniLM-L6-v2\onnx.tar.gz:  
67%|######6   | 52.8M/79.3M [00:02<00:01, 18.9MiB/s]
C:\Users\iboci\.cache\chroma\onnx_models\all-MiniLM-L6-v2\onnx.tar.gz:  
70%|#######   | 55.8M/79.3M [00:03<00:01, 20.9MiB/s]
C:\Users\iboci\.cache\chroma\onnx_models\all-MiniLM-L6-v2\onnx.tar.gz:  
73%|#######3  | 58.0M/79.3M [00:03<00:01, 12.2MiB/s]
C:\Users\iboci\.cache\chroma\onnx_models\all-MiniLM-L6-v2\onnx.tar.gz:  
75%|#######5  | 59.6M/79.3M [00:03<00:01, 10.6MiB/s]
C:\Users\iboci\.cache\chroma\onnx_models\all-MiniLM-L6-v2\onnx.tar.gz:  
77%|#######6  | 61.0M/79.3M [00:03<00:01, 11.0MiB/s]
C:\Users\iboci\.cache\chroma\onnx_models\all-MiniLM-L6-v2\onnx.tar.gz:  
79%|#######8  | 62.4M/79.3M [00:03<00:01, 11.1MiB/s]
C:\Users\iboci\.cache\chroma\onnx_models\all-MiniLM-L6-v2\onnx.tar.gz:  
80%|########  | 63.7M/79.3M [00:04<00:01, 10.3MiB/s]
C:\Users\iboci\.cache\chroma\onnx_models\all-MiniLM-L6-v2\onnx.tar.gz:  
85%|########5 | 67.5M/79.3M [00:04<00:00, 16.2MiB/s]
C:\Users\iboci\.cache\chroma\onnx_models\all-MiniLM-L6-v2\onnx.tar.gz:  
87%|########7 | 69.4M/79.3M [00:04<00:00, 11.4MiB/s]
C:\Users\iboci\.cache\chroma\onnx_models\all-MiniLM-L6-v2\onnx.tar.gz:  
92%|#########1| 72.8M/79.3M [00:04<00:00, 14.8MiB/s]
C:\Users\iboci\.cache\chroma\onnx_models\all-MiniLM-L6-v2\onnx.tar.gz:  
94%|#########4| 74.6M/79.3M [00:04<00:00, 15.4MiB/s]
C:\Users\iboci\.cache\chroma\onnx_models\all-MiniLM-L6-v2\onnx.tar.gz:  
96%|#########6| 76.4M/79.3M [00:04<00:00, 15.7MiB/s]
C:\Users\iboci\.cache\chroma\onnx_models\all-MiniLM-L6-v2\onnx.tar.gz:  
99%|#########8| 78.2M/79.3M [00:04<00:00, 16.1MiB/s]
C:\Users\iboci\.cache\chroma\onnx_models\all-MiniLM-L6-v2\onnx.tar.gz: 
100%|##########| 79.3M/79.3M [00:04<00:00, 16.7MiB/s]
2026-04-14 22:20:25,937 - chromadb.telemetry.product.posthog - ERROR - Failed 
to send telemetry event CollectionAddEvent: capture() takes 1 positional 
argument but 3 were given
2026-04-14 22:20:25,937 - src.memory.vector_db - INFO - Memory added with ID: 
2f551791-49c0-4e79-8885-d9182fb54d5e
2026-04-14 22:20:25,993 - src.memory.vector_db - INFO - Memory added with ID: 
048a03b4-9526-4db6-8848-1af2c62868f8
2026-04-14 22:20:26,033 - src.memory.vector_db - INFO - Memory added with ID: 
93f4f32d-294b-484c-8cf4-c20b26113ece
2026-04-14 22:20:26,077 - chromadb.telemetry.product.posthog - ERROR - Failed 
to send telemetry event CollectionQueryEvent: capture() takes 1 positional 
argument but 3 were given
2026-04-14 22:20:26,077 - src.memory.vector_db - INFO - Query returned 2 
results
2026-04-14 22:20:26,077 - src.memory.vector_db - INFO - Total memories in 
database: 3
2026-04-14 22:20:26,077 - __main__ - INFO - Initializing LedgerMemory...
2026-04-14 22:20:26,080 - src.memory.ledger_db - INFO - LedgerMemory 
initialized with database at data/ledger.db
2026-04-14 22:20:26,097 - src.memory.ledger_db - INFO - Task 7 added: Process 
user input from Telegram
2026-04-14 22:20:26,120 - src.memory.ledger_db - INFO - Task 8 added: Query 
vector memory for relevant context
2026-04-14 22:20:26,143 - src.memory.ledger_db - INFO - Task 9 added: Generate 
response using LLM
2026-04-14 22:20:26,160 - src.memory.ledger_db - INFO - Retrieved 5 pending 
tasks
2026-04-14 22:20:26,164 - src.memory.ledger_db - INFO - Task 7 status updated 
to IN_PROGRESS
2026-04-14 22:20:26,167 - src.memory.ledger_db - INFO - Task 8 status updated 
to COMPLETED
2026-04-14 22:20:26,179 - src.memory.ledger_db - INFO - Retrieved 10 log 
entries
2026-04-14 22:20:26,180 - src.memory.ledger_db - INFO - Retrieved 5 log entries
2026-04-14 22:20:26,180 - src.memory.ledger_db - INFO - LedgerMemory 
connection closed
[PASS] Added memory 1 with ID: 2f551791-49c0-4e79-8885-d9182fb54d5e
[PASS] Added memory 2 with ID: 048a03b4-9526-4db6-8848-1af2c62868f8
[PASS] Added memory 3 with ID: 93f4f32d-294b-484c-8cf4-c20b26113ece

--- Test 2: Querying Similar Memories ---
[PASS] Query returned 2 results:

  Result 1:
    ID: 2f551791-49c0-4e79-8885-d9182fb54d5e
    Distance: 0.5823
    Text: The user asked me about the weather and I provided a forecast.
    Metadata: {'context': 'user_interaction', 'timestamp': '2026-04-14T10:30:00', 'type': 'observation'}

  Result 2:
    ID: 93f4f32d-294b-484c-8cf4-c20b26113ece
    Distance: 0.6090
    Text: The user requested information about AI capabilities and memory architecture.
    Metadata: {'context': 'user_interaction', 'timestamp': '2026-04-14T10:45:00', 'type': 'observation'}

--- Test 3: Memory Statistics ---
[PASS] Total memories stored: 3

[PASS] VectorMemory tests PASSED

================================================================================
TESTING LEDGER MEMORY (SQLite - Short-Term Operational State)
================================================================================
[PASS] LedgerMemory initialized successfully

--- Test 1: Adding Tasks ---
[PASS] Added task 1 (High Priority): ID 7
[PASS] Added task 2 (Medium Priority): ID 8
[PASS] Added task 3 (Medium-High Priority): ID 9

--- Test 2: Retrieving Pending Tasks ---
[PASS] Retrieved 5 pending tasks (ordered by priority):

  Task 1:
    ID: 7
    Priority: 1
    Description: Process user input from Telegram
    Status: PENDING
    Created: 2026-04-14 20:20:26

  Task 2:
    ID: 3
    Priority: 2
    Description: Generate response using LLM
    Status: PENDING
    Created: 2026-04-14 20:18:36

  Task 3:
    ID: 6
    Priority: 2
    Description: Generate response using LLM
    Status: PENDING
    Created: 2026-04-14 20:19:55

  Task 4:
    ID: 9
    Priority: 2
    Description: Generate response using LLM
    Status: PENDING
    Created: 2026-04-14 20:20:26

  Task 5:
    ID: 8
    Priority: 3
    Description: Query vector memory for relevant context
    Status: PENDING
    Created: 2026-04-14 20:20:26

--- Test 3: Updating Task Status ---
[PASS] Task 7 updated to IN_PROGRESS: True
[PASS] Task 8 updated to COMPLETED: True

--- Test 4: Logging Events ---
[PASS] Logged INFO event: 16
[PASS] Logged DEBUG event: 17
[PASS] Logged WARNING event: 18

--- Test 5: Retrieving System Logs ---
[PASS] Retrieved 10 recent log entries:

  Log 1:
    ID: 18
    Level: WARNING
    Message: High task queue depth detected
    Timestamp: 2026-04-14 20:20:26
    Context: {'queue_size': 3, 'recommendation': 'increase_processing_rate'}

  Log 2:
    ID: 17
    Level: DEBUG
    Message: Memory systems initialized
    Timestamp: 2026-04-14 20:20:26
    Context: {'components': ['VectorMemory', 'LedgerMemory']}

  Log 3:
    ID: 16
    Level: INFO
    Message: Bot started and connected to Telegram
    Timestamp: 2026-04-14 20:20:26
    Context: {'event': 'startup', 'connection': 'telegram'}

  Log 4:
    ID: 15
    Level: INFO
    Message: Task created: Generate response using LLM
    Timestamp: 2026-04-14 20:20:26
    Context: {'task_id': 9, 'priority': 2}

  Log 5:
    ID: 14
    Level: INFO
    Message: Task created: Query vector memory for relevant context
    Timestamp: 2026-04-14 20:20:26
    Context: {'task_id': 8, 'priority': 3}

  Log 6:
    ID: 13
    Level: INFO
    Message: Task created: Process user input from Telegram
    Timestamp: 2026-04-14 20:20:26
    Context: {'task_id': 7, 'priority': 1}

  Log 7:
    ID: 12
    Level: WARNING
    Message: High task queue depth detected
    Timestamp: 2026-04-14 20:19:55
    Context: {'queue_size': 3, 'recommendation': 'increase_processing_rate'}

  Log 8:
    ID: 11
    Level: DEBUG
    Message: Memory systems initialized
    Timestamp: 2026-04-14 20:19:55
    Context: {'components': ['VectorMemory', 'LedgerMemory']}

  Log 9:
    ID: 10
    Level: INFO
    Message: Bot started and connected to Telegram
    Timestamp: 2026-04-14 20:19:55
    Context: {'event': 'startup', 'connection': 'telegram'}

  Log 10:
    ID: 9
    Level: INFO
    Message: Task created: Generate response using LLM
    Timestamp: 2026-04-14 20:19:55
    Context: {'task_id': 6, 'priority': 2}

--- Test 6: Filtering Logs by Level ---
[PASS] Retrieved 5 INFO level logs

--- Test 7: Closing Database Connection ---
[PASS] LedgerMemory connection closed gracefully

[PASS] LedgerMemory tests PASSED

================================================================================
TEST SUMMARY
================================================================================
VectorMemory (ChromaDB):  PASSED
LedgerMemory (SQLite):    PASSED

[PASS] All memory architecture tests PASSED!
The Hippocampus is ready for integration with the Telegram interface.
